[dataset] ann_file=/anvil/projects/x-cis250950/converted_cvpr_biomedsegfm/annotations_fixed_objid/train_all_CT_CT_DeepLesion_sam3_video.json
Raw dataset length = 4727
[dataset] local_idx=3961 video_id=3961 len=4727
[datapoint] images=1 queries=1
[query] i=0 text='Lesion' image_id=0 stage=0 objects=2 object_ids=[0, 1]
[batch] stages=1 imgs=(1, 3, 1008, 1008)
[batch] text_batch=['Lesion']
[raw target] stage=0 queries=1 num_boxes=[2] boxes_shape=(2, 1, 4)
Training Mode Enabled: Tunable parameters: 860.06M / 860.06M
[batch] stages=1 imgs=(1, 3, 1008, 1008)
[batch] text_batch=['Lesion']
[raw target] stage=0 queries=1 num_boxes=[2] boxes_shape=(2, 1, 4)
[merged target] stage=0 num_boxes=[1] boxes_shape=(1, 4)
[output] loss_stages=None iter_mode=IterMode.LAST_STEP_PER_STAGE
[indices] stage=0 step=0 matches=1 tgt_idx_is_none=True pred_boxes=(1, 200, 4)
          batch=[0] src=[25] tgt=None
[o2m] stage=0 step=0 pred_boxes_o2m=(1, 200, 4)
[aux indices] stage=0 step=0 aux=0 matches=1 tgt_idx_is_none=True pred_boxes=(1, 200, 4)
[aux indices] stage=0 step=0 aux=1 matches=1 tgt_idx_is_none=True pred_boxes=(1, 200, 4)
[aux indices] stage=0 step=0 aux=2 matches=1 tgt_idx_is_none=True pred_boxes=(1, 200, 4)
[aux indices] stage=0 step=0 aux=3 matches=1 tgt_idx_is_none=True pred_boxes=(1, 200, 4)
[aux indices] stage=0 step=0 aux=4 matches=1 tgt_idx_is_none=True pred_boxes=(1, 200, 4)
[loss] succeeded: {'loss_bbox': tensor(0.0653, device='cuda:0'), 'loss_giou': tensor(0.5254, device='cuda:0'), 'loss_bbox_o2m': tensor(0.2258, device='cuda:0'), 'loss_giou_o2m': tensor(2.2103, device='cuda:0'), 'loss_ce': tensor(0.0425, device='cuda:0'), 'ce_f1': tensor(0., device='cuda:0'), 'presence_loss': tensor(0.0142, device='cuda:0'), 'presence_dec_acc': tensor(1., device='cuda:0'), 'loss_ce_o2m': tensor(0.1808, device='cuda:0'), 'ce_f1_o2m': tensor(0., device='cuda:0'), 'presence_loss_o2m': tensor(0., device='cuda:0'), 'presence_dec_acc_o2m': tensor(0., device='cuda:0'), 'loss_bbox_aux_0': tensor(0.0478, device='cuda:0'), 'loss_giou_aux_0': tensor(0.4026, device='cuda:0'), 'loss_bbox_aux_0_o2m': tensor(0.0768, device='cuda:0'), 'loss_giou_aux_0_o2m': tensor(1.2829, device='cuda:0'), 'loss_ce_aux_0': tensor(0.0499, device='cuda:0'), 'ce_f1_aux_0': tensor(0., device='cuda:0'), 'presence_loss_aux_0': tensor(0.0016, device='cuda:0'), 'presence_dec_acc_aux_0': tensor(1., device='cuda:0'), 'loss_ce_aux_0_o2m': tensor(0.0791, device='cuda:0'), 'ce_f1_aux_0_o2m': tensor(0., device='cuda:0'), 'presence_loss_aux_0_o2m': tensor(0., device='cuda:0'), 'presence_dec_acc_aux_0_o2m': tensor(0., device='cuda:0'), 'loss_bbox_aux_1': tensor(0.0630, device='cuda:0'), 'loss_giou_aux_1': tensor(0.5398, device='cuda:0'), 'loss_bbox_aux_1_o2m': tensor(0.1032, device='cuda:0'), 'loss_giou_aux_1_o2m': tensor(0.9995, device='cuda:0'), 'loss_ce_aux_1': tensor(0.0409, device='cuda:0'), 'ce_f1_aux_1': tensor(0., device='cuda:0'), 'presence_loss_aux_1': tensor(0.0035, device='cuda:0'), 'presence_dec_acc_aux_1': tensor(1., device='cuda:0'), 'loss_ce_aux_1_o2m': tensor(0.0875, device='cuda:0'), 'ce_f1_aux_1_o2m': tensor(0., device='cuda:0'), 'presence_loss_aux_1_o2m': tensor(0., device='cuda:0'), 'presence_dec_acc_aux_1_o2m': tensor(0., device='cuda:0'), 'loss_bbox_aux_2': tensor(0.0683, device='cuda:0'), 'loss_giou_aux_2': tensor(0.5651, device='cuda:0'), 'loss_bbox_aux_2_o2m': tensor(0.0402, device='cuda:0'), 'loss_giou_aux_2_o2m': tensor(0.3828, device='cuda:0'), 'loss_ce_aux_2': tensor(0.0415, device='cuda:0'), 'ce_f1_aux_2': tensor(0., device='cuda:0'), 'presence_loss_aux_2': tensor(0.0031, device='cuda:0'), 'presence_dec_acc_aux_2': tensor(1., device='cuda:0'), 'loss_ce_aux_2_o2m': tensor(0.1294, device='cuda:0'), 'ce_f1_aux_2_o2m': tensor(0., device='cuda:0'), 'presence_loss_aux_2_o2m': tensor(0., device='cuda:0'), 'presence_dec_acc_aux_2_o2m': tensor(0., device='cuda:0'), 'loss_bbox_aux_3': tensor(0.0742, device='cuda:0'), 'loss_giou_aux_3': tensor(0.5665, device='cuda:0'), 'loss_bbox_aux_3_o2m': tensor(0.0651, device='cuda:0'), 'loss_giou_aux_3_o2m': tensor(0.6463, device='cuda:0'), 'loss_ce_aux_3': tensor(0.0400, device='cuda:0'), 'ce_f1_aux_3': tensor(0., device='cuda:0'), 'presence_loss_aux_3': tensor(0.0124, device='cuda:0'), 'presence_dec_acc_aux_3': tensor(1., device='cuda:0'), 'loss_ce_aux_3_o2m': tensor(0.1079, device='cuda:0'), 'ce_f1_aux_3_o2m': tensor(0., device='cuda:0'), 'presence_loss_aux_3_o2m': tensor(0., device='cuda:0'), 'presence_dec_acc_aux_3_o2m': tensor(0., device='cuda:0'), 'loss_bbox_aux_4': tensor(0.0743, device='cuda:0'), 'loss_giou_aux_4': tensor(0.5659, device='cuda:0'), 'loss_bbox_aux_4_o2m': tensor(0.0930, device='cuda:0'), 'loss_giou_aux_4_o2m': tensor(0.8771, device='cuda:0'), 'loss_ce_aux_4': tensor(0.0407, device='cuda:0'), 'ce_f1_aux_4': tensor(0., device='cuda:0'), 'presence_loss_aux_4': tensor(0.0158, device='cuda:0'), 'presence_dec_acc_aux_4': tensor(1., device='cuda:0'), 'loss_ce_aux_4_o2m': tensor(0.0982, device='cuda:0'), 'ce_f1_aux_4_o2m': tensor(0., device='cuda:0'), 'presence_loss_aux_4_o2m': tensor(0., device='cuda:0'), 'presence_dec_acc_aux_4_o2m': tensor(0., device='cuda:0'), 'core_loss': tensor(71.8972, device='cuda:0'), 'loss_semantic_presence': tensor(0.0284, device='cuda:0'), 'presence_acc': tensor(1., device='cuda:0'), 'loss_semantic_seg': tensor(0.0124, device='cuda:0'), 'loss_semantic_dice': tensor(0.9242, device='cuda:0'), 'miou_semantic_seg': tensor(0.0387, device='cuda:0')}
