[dataset] ann_file=/anvil/projects/x-cis250950/converted_cvpr_biomedsegfm/annotations_fixed_objid/train_all_CT_CT_DeepLesion_sam3_video.json
Raw dataset length = 4727
[dataset] local_idx=3961 video_id=3961 len=4727
[datapoint] images=1 queries=1
[query] i=0 text='Lesion' image_id=0 stage=0 objects=2 object_ids=[0, 1]
[batch] stages=1 imgs=(1, 3, 1008, 1008)
[batch] text_batch=['Lesion']
[raw target] stage=0 queries=1 num_boxes=[2] boxes_shape=(2, 1, 4)
Training Mode Enabled: Tunable parameters: 860.06M / 860.06M
[batch] stages=1 imgs=(1, 3, 1008, 1008)
[batch] text_batch=['Lesion']
[raw target] stage=0 queries=1 num_boxes=[2] boxes_shape=(2, 1, 4)
[merged target] stage=0 num_boxes=[1] boxes_shape=(1, 4)
[output] loss_stages=None iter_mode=IterMode.LAST_STEP_PER_STAGE
[indices] stage=0 step=0 matches=2 tgt_idx_is_none=True pred_boxes=(1, 200, 4)
          batch=[0, 0] src=[184, 140] tgt=None
[o2m] stage=0 step=0 pred_boxes_o2m=(1, 200, 4)
[aux indices] stage=0 step=0 aux=0 matches=2 tgt_idx_is_none=True pred_boxes=(1, 200, 4)
[aux indices] stage=0 step=0 aux=1 matches=2 tgt_idx_is_none=True pred_boxes=(1, 200, 4)
[aux indices] stage=0 step=0 aux=2 matches=2 tgt_idx_is_none=True pred_boxes=(1, 200, 4)
[aux indices] stage=0 step=0 aux=3 matches=2 tgt_idx_is_none=True pred_boxes=(1, 200, 4)
[aux indices] stage=0 step=0 aux=4 matches=2 tgt_idx_is_none=True pred_boxes=(1, 200, 4)
[error] forward/loss failed
[output] loss_stages=None iter_mode=IterMode.LAST_STEP_PER_STAGE
[indices] stage=0 step=0 matches=2 tgt_idx_is_none=True pred_boxes=(1, 200, 4)
          batch=[0, 0] src=[184, 140] tgt=None
[o2m] stage=0 step=0 pred_boxes_o2m=(1, 200, 4)
[aux indices] stage=0 step=0 aux=0 matches=2 tgt_idx_is_none=True pred_boxes=(1, 200, 4)
[aux indices] stage=0 step=0 aux=1 matches=2 tgt_idx_is_none=True pred_boxes=(1, 200, 4)
[aux indices] stage=0 step=0 aux=2 matches=2 tgt_idx_is_none=True pred_boxes=(1, 200, 4)
[aux indices] stage=0 step=0 aux=3 matches=2 tgt_idx_is_none=True pred_boxes=(1, 200, 4)
[aux indices] stage=0 step=0 aux=4 matches=2 tgt_idx_is_none=True pred_boxes=(1, 200, 4)
